Archive member included to satisfy reference by file (symbol)

d:/newmounriver/mounriver/mounriver_studio/toolchain/risc-v embedded gcc/bin/../lib/gcc/riscv-none-embed/8.2.0/rv32imacxw/ilp32\libgcc.a(save-restore.o)
                              ./Peripheral/src/ch32v20x_flash.o (__riscv_save_4)
d:/newmounriver/mounriver/mounriver_studio/toolchain/risc-v embedded gcc/bin/../lib/gcc/riscv-none-embed/8.2.0/../../../../riscv-none-embed/lib/rv32imacxw/ilp32\libg_nano.a(lib_a-atexit.o)
                              ./Startup/startup_ch32v20x_D6.o (atexit)
d:/newmounriver/mounriver/mounriver_studio/toolchain/risc-v embedded gcc/bin/../lib/gcc/riscv-none-embed/8.2.0/../../../../riscv-none-embed/lib/rv32imacxw/ilp32\libg_nano.a(lib_a-fini.o)
                              ./Startup/startup_ch32v20x_D6.o (__libc_fini_array)
d:/newmounriver/mounriver/mounriver_studio/toolchain/risc-v embedded gcc/bin/../lib/gcc/riscv-none-embed/8.2.0/../../../../riscv-none-embed/lib/rv32imacxw/ilp32\libg_nano.a(lib_a-init.o)
                              ./Startup/startup_ch32v20x_D6.o (__libc_init_array)
d:/newmounriver/mounriver/mounriver_studio/toolchain/risc-v embedded gcc/bin/../lib/gcc/riscv-none-embed/8.2.0/../../../../riscv-none-embed/lib/rv32imacxw/ilp32\libg_nano.a(lib_a-printf.o)
                              ./User/main.o (printf)
d:/newmounriver/mounriver/mounriver_studio/toolchain/risc-v embedded gcc/bin/../lib/gcc/riscv-none-embed/8.2.0/../../../../riscv-none-embed/lib/rv32imacxw/ilp32\libg_nano.a(lib_a-puts.o)
                              ./User/main.o (puts)
d:/newmounriver/mounriver/mounriver_studio/toolchain/risc-v embedded gcc/bin/../lib/gcc/riscv-none-embed/8.2.0/../../../../riscv-none-embed/lib/rv32imacxw/ilp32\libg_nano.a(lib_a-wbuf.o)
                              d:/newmounriver/mounriver/mounriver_studio/toolchain/risc-v embedded gcc/bin/../lib/gcc/riscv-none-embed/8.2.0/../../../../riscv-none-embed/lib/rv32imacxw/ilp32\libg_nano.a(lib_a-puts.o) (__swbuf_r)
d:/newmounriver/mounriver/mounriver_studio/toolchain/risc-v embedded gcc/bin/../lib/gcc/riscv-none-embed/8.2.0/../../../../riscv-none-embed/lib/rv32imacxw/ilp32\libg_nano.a(lib_a-wsetup.o)
                              d:/newmounriver/mounriver/mounriver_studio/toolchain/risc-v embedded gcc/bin/../lib/gcc/riscv-none-embed/8.2.0/../../../../riscv-none-embed/lib/rv32imacxw/ilp32\libg_nano.a(lib_a-puts.o) (__swsetup_r)
d:/newmounriver/mounriver/mounriver_studio/toolchain/risc-v embedded gcc/bin/../lib/gcc/riscv-none-embed/8.2.0/../../../../riscv-none-embed/lib/rv32imacxw/ilp32\libg_nano.a(lib_a-__atexit.o)
                              d:/newmounriver/mounriver/mounriver_studio/toolchain/risc-v embedded gcc/bin/../lib/gcc/riscv-none-embed/8.2.0/../../../../riscv-none-embed/lib/rv32imacxw/ilp32\libg_nano.a(lib_a-atexit.o) (__register_exitproc)
d:/newmounriver/mounriver/mounriver_studio/toolchain/risc-v embedded gcc/bin/../lib/gcc/riscv-none-embed/8.2.0/../../../../riscv-none-embed/lib/rv32imacxw/ilp32\libg_nano.a(lib_a-__call_atexit.o)
                              d:/newmounriver/mounriver/mounriver_studio/toolchain/risc-v embedded gcc/bin/../lib/gcc/riscv-none-embed/8.2.0/../../../../riscv-none-embed/lib/rv32imacxw/ilp32\libg_nano.a(lib_a-__atexit.o) (__call_exitprocs)
d:/newmounriver/mounriver/mounriver_studio/toolchain/risc-v embedded gcc/bin/../lib/gcc/riscv-none-embed/8.2.0/../../../../riscv-none-embed/lib/rv32imacxw/ilp32\libg_nano.a(lib_a-fflush.o)
                              d:/newmounriver/mounriver/mounriver_studio/toolchain/risc-v embedded gcc/bin/../lib/gcc/riscv-none-embed/8.2.0/../../../../riscv-none-embed/lib/rv32imacxw/ilp32\libg_nano.a(lib_a-wbuf.o) (_fflush_r)
d:/newmounriver/mounriver/mounriver_studio/toolchain/risc-v embedded gcc/bin/../lib/gcc/riscv-none-embed/8.2.0/../../../../riscv-none-embed/lib/rv32imacxw/ilp32\libg_nano.a(lib_a-findfp.o)
                              d:/newmounriver/mounriver/mounriver_studio/toolchain/risc-v embedded gcc/bin/../lib/gcc/riscv-none-embed/8.2.0/../../../../riscv-none-embed/lib/rv32imacxw/ilp32\libg_nano.a(lib_a-printf.o) (__sinit)
d:/newmounriver/mounriver/mounriver_studio/toolchain/risc-v embedded gcc/bin/../lib/gcc/riscv-none-embed/8.2.0/../../../../riscv-none-embed/lib/rv32imacxw/ilp32\libg_nano.a(lib_a-fwalk.o)
                              d:/newmounriver/mounriver/mounriver_studio/toolchain/risc-v embedded gcc/bin/../lib/gcc/riscv-none-embed/8.2.0/../../../../riscv-none-embed/lib/rv32imacxw/ilp32\libg_nano.a(lib_a-findfp.o) (_fwalk)
d:/newmounriver/mounriver/mounriver_studio/toolchain/risc-v embedded gcc/bin/../lib/gcc/riscv-none-embed/8.2.0/../../../../riscv-none-embed/lib/rv32imacxw/ilp32\libg_nano.a(lib_a-impure.o)
                              d:/newmounriver/mounriver/mounriver_studio/toolchain/risc-v embedded gcc/bin/../lib/gcc/riscv-none-embed/8.2.0/../../../../riscv-none-embed/lib/rv32imacxw/ilp32\libg_nano.a(lib_a-fflush.o) (_global_impure_ptr)
[...]
Memory Configuration

Name             Origin             Length             Attributes
FLASH            0x0000000000000000 0x0000000000010000 xr
RAM              0x0000000020000000 0x0000000000005000 xrw
*default*        0x0000000000000000 0xffffffffffffffff

Linker script and memory map

LOAD ./User/ch32v20x_it.o
LOAD ./User/main.o
LOAD ./User/system_ch32v20x.o
LOAD ./Startup/startup_ch32v20x_D6.o
LOAD ./Peripheral/src/ch32v20x_adc.o
LOAD ./Peripheral/src/ch32v20x_bkp.o
LOAD ./Peripheral/src/ch32v20x_can.o
LOAD ./Peripheral/src/ch32v20x_crc.o
LOAD ./Peripheral/src/ch32v20x_dbgmcu.o
LOAD ./Peripheral/src/ch32v20x_dma.o
LOAD ./Peripheral/src/ch32v20x_exti.o
LOAD ./Peripheral/src/ch32v20x_flash.o
LOAD ./Peripheral/src/ch32v20x_gpio.o
LOAD ./Peripheral/src/ch32v20x_i2c.o
LOAD ./Peripheral/src/ch32v20x_iwdg.o
LOAD ./Peripheral/src/ch32v20x_misc.o
LOAD ./Peripheral/src/ch32v20x_opa.o
LOAD ./Peripheral/src/ch32v20x_pwr.o
LOAD ./Peripheral/src/ch32v20x_rcc.o
LOAD ./Peripheral/src/ch32v20x_rtc.o
LOAD ./Peripheral/src/ch32v20x_spi.o
LOAD ./Peripheral/src/ch32v20x_tim.o
LOAD ./Peripheral/src/ch32v20x_usart.o
LOAD ./Peripheral/src/ch32v20x_wwdg.o
LOAD ./Debug/debug.o
LOAD ./Core/core_riscv.o
LOAD d:/newmounriver/mounriver/mounriver_studio/toolchain/risc-v embedded gcc/bin/../lib/gcc/riscv-none-embed/8.2.0/../../../../riscv-none-embed/lib/rv32imacxw/ilp32\libstdc++_nano.a
LOAD d:/newmounriver/mounriver/mounriver_studio/toolchain/risc-v embedded gcc/bin/../lib/gcc/riscv-none-embed/8.2.0/../../../../riscv-none-embed/lib/rv32imacxw/ilp32\libm.a
LOAD d:/newmounriver/mounriver/mounriver_studio/toolchain/risc-v embedded gcc/bin/../lib/gcc/riscv-none-embed/8.2.0/rv32imacxw/ilp32\libgcc.a
LOAD d:/newmounriver/mounriver/mounriver_studio/toolchain/risc-v embedded gcc/bin/../lib/gcc/riscv-none-embed/8.2.0/../../../../riscv-none-embed/lib/rv32imacxw/ilp32\libg_nano.a
LOAD d:/newmounriver/mounriver/mounriver_studio/toolchain/risc-v embedded gcc/bin/../lib/gcc/riscv-none-embed/8.2.0/../../../../riscv-none-embed/lib/rv32imacxw/ilp32\libc_nano.a
LOAD d:/newmounriver/mounriver/mounriver_studio/toolchain/risc-v embedded gcc/bin/../lib/gcc/riscv-none-embed/8.2.0/rv32imacxw/ilp32\libgcc.a
START GROUP
LOAD d:/newmounriver/mounriver/mounriver_studio/toolchain/risc-v embedded gcc/bin/../lib/gcc/riscv-none-embed/8.2.0/rv32imacxw/ilp32\libgcc.a
LOAD d:/newmounriver/mounriver/mounriver_studio/toolchain/risc-v embedded gcc/bin/../lib/gcc/riscv-none-embed/8.2.0/../../../../riscv-none-embed/lib/rv32imacxw/ilp32\libc_nano.a
LOAD d:/newmounriver/mounriver/mounriver_studio/toolchain/risc-v embedded gcc/bin/../lib/gcc/riscv-none-embed/8.2.0/../../../../riscv-none-embed/lib/rv32imacxw/ilp32\libnosys.a
END GROUP
START GROUP
LOAD d:/newmounriver/mounriver/mounriver_studio/toolchain/risc-v embedded gcc/bin/../lib/gcc/riscv-none-embed/8.2.0/rv32imacxw/ilp32\libgcc.a
LOAD d:/newmounriver/mounriver/mounriver_studio/toolchain/risc-v embedded gcc/bin/../lib/gcc/riscv-none-embed/8.2.0/../../../../riscv-none-embed/lib/rv32imacxw/ilp32\libc_nano.a
LOAD d:/newmounriver/mounriver/mounriver_studio/toolchain/risc-v embedded gcc/bin/../lib/gcc/riscv-none-embed/8.2.0/../../../../riscv-none-embed/lib/rv32imacxw/ilp32\libnosys.a
END GROUP
                0x0000000000000800                __stack_size = 0x800
                [!provide]                        PROVIDE (_stack_size = __stack_size)

.init           0x0000000000000000       0x38
                0x0000000000000000                _sinit = .
                0x0000000000000000                . = ALIGN (0x4)
 *(SORT_NONE(.init))
 .init          0x0000000000000000       0x38 ./Startup/startup_ch32v20x_D6.o
                0x0000000000000000                _start
                0x0000000000000038                . = ALIGN (0x4)
                0x0000000000000038                _einit = .

.vector         0x0000000000000038      0x108
 *(.vector)
 .vector        0x0000000000000038       0xfc ./Startup/startup_ch32v20x_D6.o
                0x0000000000000140                . = ALIGN (0x40)
 *fill*         0x0000000000000134        0xc 

.text           0x0000000000000140     0x1a70
                0x0000000000000140                . = ALIGN (0x4)
 *(.text)
 .text          0x0000000000000140       0x60 d:/newmounriver/mounriver/mounriver_studio/toolchain/risc-v embedded gcc/bin/../lib/gcc/riscv-none-embed/8.2.0/rv32imacxw/ilp32\libgcc.a(save-restore.o)
                0x0000000000000140                __riscv_save_12
                0x0000000000000148                __riscv_save_9
                0x0000000000000148                __riscv_save_11
                0x0000000000000148                __riscv_save_10
                0x0000000000000148                __riscv_save_8
                0x0000000000000156                __riscv_save_4
                0x0000000000000156                __riscv_save_6
                0x0000000000000156                __riscv_save_5
                0x0000000000000156                __riscv_save_7
                0x0000000000000170                __riscv_save_3
                0x0000000000000170                __riscv_save_2
                0x0000000000000170                __riscv_save_1
                0x0000000000000170                __riscv_save_0
                0x000000000000017c                __riscv_restore_12
                0x0000000000000180                __riscv_restore_11
                0x0000000000000180                __riscv_restore_9
                0x0000000000000180                __riscv_restore_10
                0x0000000000000180                __riscv_restore_8
                0x000000000000018a                __riscv_restore_5
                0x000000000000018a                __riscv_restore_7
                0x000000000000018a                __riscv_restore_6
                0x000000000000018a                __riscv_restore_4
                0x0000000000000194                __riscv_restore_3
                0x0000000000000194                __riscv_restore_0
                0x0000000000000194                __riscv_restore_2
                0x0000000000000194                __riscv_restore_1
 .text          0x00000000000001a0       0xa8 d:/newmounriver/mounriver/mounriver_studio/toolchain/risc-v embedded gcc/bin/../lib/gcc/riscv-none-embed/8.2.0/../../../../riscv-none-embed/lib/rv32imacxw/ilp32\libg_nano.a(lib_a-memset.o)
                0x00000000000001a0                memset
 *(.text.*)
 .text.NMI_Handler
                0x0000000000000248        0x4 ./User/ch32v20x_it.o
                0x0000000000000248                NMI_Handler
 .text.HardFault_Handler
                0x000000000000024c        0x2 ./User/ch32v20x_it.o
                0x000000000000024c                HardFault_Handler
 .text.startup.main
                0x000000000000024e       0x32 ./User/main.o
                0x000000000000024e                main
 .text.SystemInit
                0x0000000000000280       0xea ./User/system_ch32v20x.o
                0x0000000000000280                SystemInit
 .text.vector_handler
                0x000000000000036a       0x6c ./Startup/startup_ch32v20x_D6.o
                0x000000000000036e                Ecall_M_Mode_Handler
                0x0000000000000370                Ecall_U_Mode_Handler
                0x0000000000000372                Break_Point_Handler
                0x0000000000000374                SysTick_Handler
                0x0000000000000376                SW_Handler
                0x0000000000000378                WWDG_IRQHandler
                0x000000000000037a                PVD_IRQHandler
                0x000000000000037c                TAMPER_IRQHandler
                0x000000000000037e                RTC_IRQHandler
                0x0000000000000380                FLASH_IRQHandler
                0x0000000000000382                RCC_IRQHandler
                0x0000000000000384                EXTI0_IRQHandler
                0x0000000000000386                EXTI1_IRQHandler
                0x0000000000000388                EXTI2_IRQHandler
                0x000000000000038a                EXTI3_IRQHandler
                0x000000000000038c                EXTI4_IRQHandler
                0x000000000000038e                DMA1_Channel1_IRQHandler
                0x0000000000000390                DMA1_Channel2_IRQHandler
                0x0000000000000392                DMA1_Channel3_IRQHandler
                0x0000000000000394                DMA1_Channel4_IRQHandler
                0x0000000000000396                DMA1_Channel5_IRQHandler
                0x0000000000000398                DMA1_Channel6_IRQHandler
                0x000000000000039a                DMA1_Channel7_IRQHandler
                0x000000000000039c                ADC1_2_IRQHandler
                0x000000000000039e                USB_HP_CAN1_TX_IRQHandler
                0x00000000000003a0                USB_LP_CAN1_RX0_IRQHandler
                0x00000000000003a2                CAN1_RX1_IRQHandler
                0x00000000000003a4                CAN1_SCE_IRQHandler
                0x00000000000003a6                EXTI9_5_IRQHandler
                0x00000000000003a8                TIM1_BRK_IRQHandler
                0x00000000000003aa                TIM1_UP_IRQHandler
                0x00000000000003ac                TIM1_TRG_COM_IRQHandler
                0x00000000000003ae                TIM1_CC_IRQHandler
                0x00000000000003b0                TIM2_IRQHandler
                0x00000000000003b2                TIM3_IRQHandler
                0x00000000000003b4                TIM4_IRQHandler
                0x00000000000003b6                I2C1_EV_IRQHandler
                0x00000000000003b8                I2C1_ER_IRQHandler
                0x00000000000003ba                I2C2_EV_IRQHandler
                0x00000000000003bc                I2C2_ER_IRQHandler
                0x00000000000003be                SPI1_IRQHandler
                0x00000000000003c0                SPI2_IRQHandler
                0x00000000000003c2                USART1_IRQHandler
                0x00000000000003c4                USART2_IRQHandler
                0x00000000000003c6                USART3_IRQHandler
                0x00000000000003c8                EXTI15_10_IRQHandler
                0x00000000000003ca                RTCAlarm_IRQHandler
                0x00000000000003cc                USBWakeUp_IRQHandler
                0x00000000000003ce                USBHD_IRQHandler
                0x00000000000003d0                USBHDWakeUp_IRQHandler
                0x00000000000003d2                UART4_IRQHandler
                0x00000000000003d4                DMA1_Channel8_IRQHandler
 .text.handle_reset
                0x00000000000003d6       0x92 ./Startup/startup_ch32v20x_D6.o
                0x00000000000003d6                handle_reset
 .text.GPIO_Init
                0x0000000000000468       0xf2 ./Peripheral/src/ch32v20x_gpio.o
                0x0000000000000468                GPIO_Init
 .text.NVIC_PriorityGroupConfig
                0x000000000000055a        0x6 ./Peripheral/src/ch32v20x_misc.o
                0x000000000000055a                NVIC_PriorityGroupConfig
 .text.RCC_GetClocksFreq
                0x0000000000000560       0xbe ./Peripheral/src/ch32v20x_rcc.o
                0x0000000000000560                RCC_GetClocksFreq
 .text.RCC_APB2PeriphClockCmd
                0x000000000000061e       0x1e ./Peripheral/src/ch32v20x_rcc.o
                0x000000000000061e                RCC_APB2PeriphClockCmd
 .text.USART_Init
                0x000000000000063c       0xb8 ./Peripheral/src/ch32v20x_usart.o
                0x000000000000063c                USART_Init
 .text.USART_Cmd
                0x00000000000006f4       0x16 ./Peripheral/src/ch32v20x_usart.o
                0x00000000000006f4                USART_Cmd
 .text.USART_SendData
                0x000000000000070a        0x8 ./Peripheral/src/ch32v20x_usart.o
                0x000000000000070a                USART_SendData
 .text.USART_GetFlagStatus
                0x0000000000000712        0xa ./Peripheral/src/ch32v20x_usart.o
                0x0000000000000712                USART_GetFlagStatus
 .text.Delay_Init
                0x000000000000071c       0x2a ./Debug/debug.o
                0x000000000000071c                Delay_Init
 .text.USART_Printf_Init
                0x0000000000000746       0x50 ./Debug/debug.o
                0x0000000000000746                USART_Printf_Init
 .text._write   0x0000000000000796       0x38 ./Debug/debug.o
                0x0000000000000796                _write
 .text._sbrk    0x00000000000007ce       0x26 ./Debug/debug.o
                0x00000000000007ce                _sbrk
 .text._fini    0x00000000000007f4        0x2 ./Debug/debug.o
                0x00000000000007f4                _fini
 .text._init    0x00000000000007f6        0x2 ./Debug/debug.o
                0x00000000000007f6                _init
 .text.atexit   0x00000000000007f8        0xa d:/newmounriver/mounriver/mounriver_studio/toolchain/risc-v embedded gcc/bin/../lib/gcc/riscv-none-embed/8.2.0/../../../../riscv-none-embed/lib/rv32imacxw/ilp32\libg_nano.a(lib_a-atexit.o)
                0x00000000000007f8                atexit
 .text.__libc_fini_array
                0x0000000000000802       0x38 d:/newmounriver/mounriver/mounriver_studio/toolchain/risc-v embedded gcc/bin/../lib/gcc/riscv-none-embed/8.2.0/../../../../riscv-none-embed/lib/rv32imacxw/ilp32\libg_nano.a(lib_a-fini.o)
                0x0000000000000802                __libc_fini_array
 .text.__libc_init_array
                0x000000000000083a       0x6c d:/newmounriver/mounriver/mounriver_studio/toolchain/risc-v embedded gcc/bin/../lib/gcc/riscv-none-embed/8.2.0/../../../../riscv-none-embed/lib/rv32imacxw/ilp32\libg_nano.a(lib_a-init.o)
                0x000000000000083a                __libc_init_array
 .text.printf   0x00000000000008a6       0x40 d:/newmounriver/mounriver/mounriver_studio/toolchain/risc-v embedded gcc/bin/../lib/gcc/riscv-none-embed/8.2.0/../../../../riscv-none-embed/lib/rv32imacxw/ilp32\libg_nano.a(lib_a-printf.o)
                0x00000000000008a6                iprintf
                0x00000000000008a6                printf
 .text._puts_r  0x00000000000008e6       0xd4 d:/newmounriver/mounriver/mounriver_studio/toolchain/risc-v embedded gcc/bin/../lib/gcc/riscv-none-embed/8.2.0/../../../../riscv-none-embed/lib/rv32imacxw/ilp32\libg_nano.a(lib_a-puts.o)
                0x00000000000008e6                _puts_r
 .text.puts     0x00000000000009ba        0xa d:/newmounriver/mounriver/mounriver_studio/toolchain/risc-v embedded gcc/bin/../lib/gcc/riscv-none-embed/8.2.0/../../../../riscv-none-embed/lib/rv32imacxw/ilp32\libg_nano.a(lib_a-puts.o)
                0x00000000000009ba                puts
 .text.__swbuf_r
                0x00000000000009c4       0xbc d:/newmounriver/mounriver/mounriver_studio/toolchain/risc-v embedded gcc/bin/../lib/gcc/riscv-none-embed/8.2.0/../../../../riscv-none-embed/lib/rv32imacxw/ilp32\libg_nano.a(lib_a-wbuf.o)
                0x00000000000009c4                __swbuf_r
 .text.__swsetup_r
                0x0000000000000a80       0xfc d:/newmounriver/mounriver/mounriver_studio/toolchain/risc-v embedded gcc/bin/../lib/gcc/riscv-none-embed/8.2.0/../../../../riscv-none-embed/lib/rv32imacxw/ilp32\libg_nano.a(lib_a-wsetup.o)
                0x0000000000000a80                __swsetup_r
 .text.__register_exitproc
                0x0000000000000b7c       0x7c d:/newmounriver/mounriver/mounriver_studio/toolchain/risc-v embedded gcc/bin/../lib/gcc/riscv-none-embed/8.2.0/../../../../riscv-none-embed/lib/rv32imacxw/ilp32\libg_nano.a(lib_a-__atexit.o)
                0x0000000000000b7c                __register_exitproc
 .text.startup.register_fini
                0x0000000000000bf8       0x16 d:/newmounriver/mounriver/mounriver_studio/toolchain/risc-v embedded gcc/bin/../lib/gcc/riscv-none-embed/8.2.0/../../../../riscv-none-embed/lib/rv32imacxw/ilp32\libg_nano.a(lib_a-__call_atexit.o)
 .text.__sflush_r
                0x0000000000000c0e      0x130 d:/newmounriver/mounriver/mounriver_studio/toolchain/risc-v embedded gcc/bin/../lib/gcc/riscv-none-embed/8.2.0/../../../../riscv-none-embed/lib/rv32imacxw/ilp32\libg_nano.a(lib_a-fflush.o)
                0x0000000000000c0e                __sflush_r
 .text._fflush_r
                0x0000000000000d3e       0x64 d:/newmounriver/mounriver/mounriver_studio/toolchain/risc-v embedded gcc/bin/../lib/gcc/riscv-none-embed/8.2.0/../../../../riscv-none-embed/lib/rv32imacxw/ilp32\libg_nano.a(lib_a-fflush.o)
                0x0000000000000d3e                _fflush_r
 .text.std      0x0000000000000da2       0x66 d:/newmounriver/mounriver/mounriver_studio/toolchain/risc-v embedded gcc/bin/../lib/gcc/riscv-none-embed/8.2.0/../../../../riscv-none-embed/lib/rv32imacxw/ilp32\libg_nano.a(lib_a-findfp.o)
 .text._cleanup_r
                0x0000000000000e08        0xa d:/newmounriver/mounriver/mounriver_studio/toolchain/risc-v embedded gcc/bin/../lib/gcc/riscv-none-embed/8.2.0/../../../../riscv-none-embed/lib/rv32imacxw/ilp32\libg_nano.a(lib_a-findfp.o)
                0x0000000000000e08                _cleanup_r
 .text.__sfmoreglue
                0x0000000000000e12       0x46 d:/newmounriver/mounriver/mounriver_studio/toolchain/risc-v embedded gcc/bin/../lib/gcc/riscv-none-embed/8.2.0/../../../../riscv-none-embed/lib/rv32imacxw/ilp32\libg_nano.a(lib_a-findfp.o)
                0x0000000000000e12                __sfmoreglue
 .text.__sinit  0x0000000000000e58       0x66 d:/newmounriver/mounriver/mounriver_studio/toolchain/risc-v embedded gcc/bin/../lib/gcc/riscv-none-embed/8.2.0/../../../../riscv-none-embed/lib/rv32imacxw/ilp32\libg_nano.a(lib_a-findfp.o)
                0x0000000000000e58                __sinit
 .text.__sfp    0x0000000000000ebe       0x9c d:/newmounriver/mounriver/mounriver_studio/toolchain/risc-v embedded gcc/bin/../lib/gcc/riscv-none-embed/8.2.0/../../../../riscv-none-embed/lib/rv32imacxw/ilp32\libg_nano.a(lib_a-findfp.o)
                0x0000000000000ebe                __sfp
 .text._fwalk_reent
                0x0000000000000f5a       0x6a d:/newmounriver/mounriver/mounriver_studio/toolchain/risc-v embedded gcc/bin/../lib/gcc/riscv-none-embed/8.2.0/../../../../riscv-none-embed/lib/rv32imacxw/ilp32\libg_nano.a(lib_a-fwalk.o)
                0x0000000000000f5a                _fwalk_reent
 .text.__swhatbuf_r
                0x0000000000000fc4       0x58 d:/newmounriver/mounriver/mounriver_studio/toolchain/risc-v embedded gcc/bin/../lib/gcc/riscv-none-embed/8.2.0/../../../../riscv-none-embed/lib/rv32imacxw/ilp32\libg_nano.a(lib_a-makebuf.o)
                0x0000000000000fc4                __swhatbuf_r
 .text.__smakebuf_r
                0x000000000000101c       0x90 d:/newmounriver/mounriver/mounriver_studio/toolchain/risc-v embedded gcc/bin/../lib/gcc/riscv-none-embed/8.2.0/../../../../riscv-none-embed/lib/rv32imacxw/ilp32\libg_nano.a(lib_a-makebuf.o)
                0x000000000000101c                __smakebuf_r
 .text._free_r  0x00000000000010ac       0xa8 d:/newmounriver/mounriver/mounriver_studio/toolchain/risc-v embedded gcc/bin/../lib/gcc/riscv-none-embed/8.2.0/../../../../riscv-none-embed/lib/rv32imacxw/ilp32\libg_nano.a(lib_a-nano-freer.o)
                0x00000000000010ac                _free_r
 .text._malloc_r
                0x0000000000001154       0xd4 d:/newmounriver/mounriver/mounriver_studio/toolchain/risc-v embedded gcc/bin/../lib/gcc/riscv-none-embed/8.2.0/../../../../riscv-none-embed/lib/rv32imacxw/ilp32\libg_nano.a(lib_a-nano-mallocr.o)
                0x0000000000001154                _malloc_r
 .text.__sfputc_r
                0x0000000000001228       0x28 d:/newmounriver/mounriver/mounriver_studio/toolchain/risc-v embedded gcc/bin/../lib/gcc/riscv-none-embed/8.2.0/../../../../riscv-none-embed/lib/rv32imacxw/ilp32\libg_nano.a(lib_a-nano-vfprintf.o)
 .text.__sfputs_r
                0x0000000000001250       0x40 d:/newmounriver/mounriver/mounriver_studio/toolchain/risc-v embedded gcc/bin/../lib/gcc/riscv-none-embed/8.2.0/../../../../riscv-none-embed/lib/rv32imacxw/ilp32\libg_nano.a(lib_a-nano-vfprintf.o)
                0x0000000000001250                __sfputs_r
 .text._vfprintf_r
                0x0000000000001290      0x284 d:/newmounriver/mounriver/mounriver_studio/toolchain/risc-v embedded gcc/bin/../lib/gcc/riscv-none-embed/8.2.0/../../../../riscv-none-embed/lib/rv32imacxw/ilp32\libg_nano.a(lib_a-nano-vfprintf.o)
                0x0000000000001290                _vfprintf_r
                0x0000000000001290                _vfiprintf_r
 .text._printf_common
                0x0000000000001514      0x10c d:/newmounriver/mounriver/mounriver_studio/toolchain/risc-v embedded gcc/bin/../lib/gcc/riscv-none-embed/8.2.0/../../../../riscv-none-embed/lib/rv32imacxw/ilp32\libg_nano.a(lib_a-nano-vfprintf_i.o)
                0x0000000000001514                _printf_common
 .text._printf_i
                0x0000000000001620      0x2a0 d:/newmounriver/mounriver/mounriver_studio/toolchain/risc-v embedded gcc/bin/../lib/gcc/riscv-none-embed/8.2.0/../../../../riscv-none-embed/lib/rv32imacxw/ilp32\libg_nano.a(lib_a-nano-vfprintf_i.o)
                0x0000000000001620                _printf_i
 .text._sbrk_r  0x00000000000018c0       0x2a d:/newmounriver/mounriver/mounriver_studio/toolchain/risc-v embedded gcc/bin/../lib/gcc/riscv-none-embed/8.2.0/../../../../riscv-none-embed/lib/rv32imacxw/ilp32\libg_nano.a(lib_a-sbrkr.o)
                0x00000000000018c0                _sbrk_r
 .text.__sread  0x00000000000018ea       0x2c d:/newmounriver/mounriver/mounriver_studio/toolchain/risc-v embedded gcc/bin/../lib/gcc/riscv-none-embed/8.2.0/../../../../riscv-none-embed/lib/rv32imacxw/ilp32\libg_nano.a(lib_a-stdio.o)
                0x00000000000018ea                __sread
 .text.__swrite
                0x0000000000001916       0x48 d:/newmounriver/mounriver/mounriver_studio/toolchain/risc-v embedded gcc/bin/../lib/gcc/riscv-none-embed/8.2.0/../../../../riscv-none-embed/lib/rv32imacxw/ilp32\libg_nano.a(lib_a-stdio.o)
                0x0000000000001916                __swrite
 .text.__sseek  0x000000000000195e       0x30 d:/newmounriver/mounriver/mounriver_studio/toolchain/risc-v embedded gcc/bin/../lib/gcc/riscv-none-embed/8.2.0/../../../../riscv-none-embed/lib/rv32imacxw/ilp32\libg_nano.a(lib_a-stdio.o)
                0x000000000000195e                __sseek
 .text.__sclose
                0x000000000000198e        0x6 d:/newmounriver/mounriver/mounriver_studio/toolchain/risc-v embedded gcc/bin/../lib/gcc/riscv-none-embed/8.2.0/../../../../riscv-none-embed/lib/rv32imacxw/ilp32\libg_nano.a(lib_a-stdio.o)
                0x000000000000198e                __sclose
 .text._write_r
                0x0000000000001994       0x2e d:/newmounriver/mounriver/mounriver_studio/toolchain/risc-v embedded gcc/bin/../lib/gcc/riscv-none-embed/8.2.0/../../../../riscv-none-embed/lib/rv32imacxw/ilp32\libg_nano.a(lib_a-writer.o)
                0x0000000000001994                _write_r
 .text._close_r
                0x00000000000019c2       0x28 d:/newmounriver/mounriver/mounriver_studio/toolchain/risc-v embedded gcc/bin/../lib/gcc/riscv-none-embed/8.2.0/../../../../riscv-none-embed/lib/rv32imacxw/ilp32\libg_nano.a(lib_a-closer.o)
                0x00000000000019c2                _close_r
 .text._fstat_r
                0x00000000000019ea       0x2a d:/newmounriver/mounriver/mounriver_studio/toolchain/risc-v embedded gcc/bin/../lib/gcc/riscv-none-embed/8.2.0/../../../../riscv-none-embed/lib/rv32imacxw/ilp32\libg_nano.a(lib_a-fstatr.o)
                0x00000000000019ea                _fstat_r
 .text._isatty_r
                0x0000000000001a14       0x28 d:/newmounriver/mounriver/mounriver_studio/toolchain/risc-v embedded gcc/bin/../lib/gcc/riscv-none-embed/8.2.0/../../../../riscv-none-embed/lib/rv32imacxw/ilp32\libg_nano.a(lib_a-isattyr.o)
                0x0000000000001a14                _isatty_r
 .text._lseek_r
                0x0000000000001a3c       0x2c d:/newmounriver/mounriver/mounriver_studio/toolchain/risc-v embedded gcc/bin/../lib/gcc/riscv-none-embed/8.2.0/../../../../riscv-none-embed/lib/rv32imacxw/ilp32\libg_nano.a(lib_a-lseekr.o)
                0x0000000000001a3c                _lseek_r
 .text.memchr   0x0000000000001a68       0x18 d:/newmounriver/mounriver/mounriver_studio/toolchain/risc-v embedded gcc/bin/../lib/gcc/riscv-none-embed/8.2.0/../../../../riscv-none-embed/lib/rv32imacxw/ilp32\libg_nano.a(lib_a-memchr.o)
                0x0000000000001a68                memchr
 .text.__malloc_lock
                0x0000000000001a80        0x2 d:/newmounriver/mounriver/mounriver_studio/toolchain/risc-v embedded gcc/bin/../lib/gcc/riscv-none-embed/8.2.0/../../../../riscv-none-embed/lib/rv32imacxw/ilp32\libg_nano.a(lib_a-mlock.o)
                0x0000000000001a80                __malloc_lock
 .text.__malloc_unlock
                0x0000000000001a82        0x2 d:/newmounriver/mounriver/mounriver_studio/toolchain/risc-v embedded gcc/bin/../lib/gcc/riscv-none-embed/8.2.0/../../../../riscv-none-embed/lib/rv32imacxw/ilp32\libg_nano.a(lib_a-mlock.o)
                0x0000000000001a82                __malloc_unlock
 .text._read_r  0x0000000000001a84       0x2c d:/newmounriver/mounriver/mounriver_studio/toolchain/risc-v embedded gcc/bin/../lib/gcc/riscv-none-embed/8.2.0/../../../../riscv-none-embed/lib/rv32imacxw/ilp32\libg_nano.a(lib_a-readr.o)
                0x0000000000001a84                _read_r
 .text._close   0x0000000000001ab0        0xc d:/newmounriver/mounriver/mounriver_studio/toolchain/risc-v embedded gcc/bin/../lib/gcc/riscv-none-embed/8.2.0/../../../../riscv-none-embed/lib/rv32imacxw/ilp32\libnosys.a(close.o)
                0x0000000000001ab0                _close
 .text._fstat   0x0000000000001abc        0xc d:/newmounriver/mounriver/mounriver_studio/toolchain/risc-v embedded gcc/bin/../lib/gcc/riscv-none-embed/8.2.0/../../../../riscv-none-embed/lib/rv32imacxw/ilp32\libnosys.a(fstat.o)
                0x0000000000001abc                _fstat
 .text._isatty  0x0000000000001ac8        0xc d:/newmounriver/mounriver/mounriver_studio/toolchain/risc-v embedded gcc/bin/../lib/gcc/riscv-none-embed/8.2.0/../../../../riscv-none-embed/lib/rv32imacxw/ilp32\libnosys.a(isatty.o)
                0x0000000000001ac8                _isatty
 .text._lseek   0x0000000000001ad4        0xc d:/newmounriver/mounriver/mounriver_studio/toolchain/risc-v embedded gcc/bin/../lib/gcc/riscv-none-embed/8.2.0/../../../../riscv-none-embed/lib/rv32imacxw/ilp32\libnosys.a(lseek.o)
                0x0000000000001ad4                _lseek
 .text._read    0x0000000000001ae0        0xc d:/newmounriver/mounriver/mounriver_studio/toolchain/risc-v embedded gcc/bin/../lib/gcc/riscv-none-embed/8.2.0/../../../../riscv-none-embed/lib/rv32imacxw/ilp32\libnosys.a(read.o)
                0x0000000000001ae0                _read
 *(.rodata)
 *(.rodata*)
 *fill*         0x0000000000001aec        0x0 
 .rodata.main.str1.4
                0x0000000000001aec       0x28 ./User/main.o
 .rodata.__sf_fake_stderr
                0x0000000000001b14       0x20 d:/newmounriver/mounriver/mounriver_studio/toolchain/risc-v embedded gcc/bin/../lib/gcc/riscv-none-embed/8.2.0/../../../../riscv-none-embed/lib/rv32imacxw/ilp32\libg_nano.a(lib_a-findfp.o)
                0x0000000000001b14                __sf_fake_stderr
 .rodata.__sf_fake_stdin
                0x0000000000001b34       0x20 d:/newmounriver/mounriver/mounriver_studio/toolchain/risc-v embedded gcc/bin/../lib/gcc/riscv-none-embed/8.2.0/../../../../riscv-none-embed/lib/rv32imacxw/ilp32\libg_nano.a(lib_a-findfp.o)
                0x0000000000001b34                __sf_fake_stdin
 .rodata.__sf_fake_stdout
                0x0000000000001b54       0x20 d:/newmounriver/mounriver/mounriver_studio/toolchain/risc-v embedded gcc/bin/../lib/gcc/riscv-none-embed/8.2.0/../../../../riscv-none-embed/lib/rv32imacxw/ilp32\libg_nano.a(lib_a-findfp.o)
                0x0000000000001b54                __sf_fake_stdout
 .rodata._vfprintf_r.str1.4
                0x0000000000001b74       0x13 d:/newmounriver/mounriver/mounriver_studio/toolchain/risc-v embedded gcc/bin/../lib/gcc/riscv-none-embed/8.2.0/../../../../riscv-none-embed/lib/rv32imacxw/ilp32\libg_nano.a(lib_a-nano-vfprintf.o)
 *fill*         0x0000000000001b87        0x1 
 .rodata._printf_i.str1.4
                0x0000000000001b88       0x28 d:/newmounriver/mounriver/mounriver_studio/toolchain/risc-v embedded gcc/bin/../lib/gcc/riscv-none-embed/8.2.0/../../../../riscv-none-embed/lib/rv32imacxw/ilp32\libg_nano.a(lib_a-nano-vfprintf_i.o)
                                         0x25 (size before relaxing)
 *(.glue_7)
 *(.glue_7t)
 *(.gnu.linkonce.t.*)
                0x0000000000001bb0                . = ALIGN (0x4)

.rela.dyn       0x0000000000001bb0        0x0
 .rela.init     0x0000000000001bb0        0x0 ./User/ch32v20x_it.o
 .rela.vector   0x0000000000001bb0        0x0 ./User/ch32v20x_it.o
 .rela.text.handle_reset
                0x0000000000001bb0        0x0 ./User/ch32v20x_it.o
 .rela.text._sbrk
                0x0000000000001bb0        0x0 ./User/ch32v20x_it.o
 .rela.sdata.curbrk.4579
                0x0000000000001bb0        0x0 ./User/ch32v20x_it.o
 .rela.text.__libc_fini_array
                0x0000000000001bb0        0x0 ./User/ch32v20x_it.o
 .rela.text.__libc_init_array
                0x0000000000001bb0        0x0 ./User/ch32v20x_it.o
 .rela.text.__register_exitproc
                0x0000000000001bb0        0x0 ./User/ch32v20x_it.o
 .rela.text.startup.register_fini
                0x0000000000001bb0        0x0 ./User/ch32v20x_it.o
 .rela.text._vfprintf_r
                0x0000000000001bb0        0x0 ./User/ch32v20x_it.o
 .rela.text._sbrk_r
                0x0000000000001bb0        0x0 ./User/ch32v20x_it.o
 .rela.text._write_r
                0x0000000000001bb0        0x0 ./User/ch32v20x_it.o
 .rela.text._close_r
                0x0000000000001bb0        0x0 ./User/ch32v20x_it.o
 .rela.text._fstat_r
                0x0000000000001bb0        0x0 ./User/ch32v20x_it.o
 .rela.text._isatty_r
                0x0000000000001bb0        0x0 ./User/ch32v20x_it.o
 .rela.text._lseek_r
                0x0000000000001bb0        0x0 ./User/ch32v20x_it.o
 .rela.text._read_r
                0x0000000000001bb0        0x0 ./User/ch32v20x_it.o
 .rela.text._close
                0x0000000000001bb0        0x0 ./User/ch32v20x_it.o
 .rela.text._fstat
                0x0000000000001bb0        0x0 ./User/ch32v20x_it.o
 .rela.text._isatty
                0x0000000000001bb0        0x0 ./User/ch32v20x_it.o
 .rela.text._lseek
                0x0000000000001bb0        0x0 ./User/ch32v20x_it.o
 .rela.text._read
                0x0000000000001bb0        0x0 ./User/ch32v20x_it.o

.fini           0x0000000000001bb0        0x0
 *(SORT_NONE(.fini))
                0x0000000000001bb0                . = ALIGN (0x4)
                [!provide]                        PROVIDE (_etext = .)
                [!provide]                        PROVIDE (_eitcm = .)

.preinit_array  0x0000000000001bb0        0x0
                0x0000000000001bb0                PROVIDE (__preinit_array_start = .)
 *(.preinit_array)
                0x0000000000001bb0                PROVIDE (__preinit_array_end = .)

.init_array     0x0000000000001bb0        0x4
                0x0000000000001bb0                PROVIDE (__init_array_start = .)
 *(SORT_BY_INIT_PRIORITY(.init_array.*) SORT_BY_INIT_PRIORITY(.ctors.*))
 .init_array.00000
                0x0000000000001bb0        0x4 d:/newmounriver/mounriver/mounriver_studio/toolchain/risc-v embedded gcc/bin/../lib/gcc/riscv-none-embed/8.2.0/../../../../riscv-none-embed/lib/rv32imacxw/ilp32\libg_nano.a(lib_a-__call_atexit.o)
 *(.init_array EXCLUDE_FILE(*crtend?.o *crtend.o *crtbegin?.o *crtbegin.o) .ctors)
                0x0000000000001bb4                PROVIDE (__init_array_end = .)

.fini_array     0x0000000000001bb4        0x0
                0x0000000000001bb4                PROVIDE (__fini_array_start = .)
 *(SORT_BY_INIT_PRIORITY(.fini_array.*) SORT_BY_INIT_PRIORITY(.dtors.*))
 *(.fini_array EXCLUDE_FILE(*crtend?.o *crtend.o *crtbegin?.o *crtbegin.o) .dtors)
                0x0000000000001bb4                PROVIDE (__fini_array_end = .)

.ctors
 *crtbegin.o(.ctors)
 *crtbegin?.o(.ctors)
 *(EXCLUDE_FILE(*crtend?.o *crtend.o) .ctors)
 *(SORT_BY_NAME(.ctors.*))
 *(.ctors)

.dtors
 *crtbegin.o(.dtors)
 *crtbegin?.o(.dtors)
 *(EXCLUDE_FILE(*crtend?.o *crtend.o) .dtors)
 *(SORT_BY_NAME(.dtors.*))
 *(.dtors)

.dalign         0x0000000020000000        0x0 load address 0x0000000000001bb4
                0x0000000020000000                . = ALIGN (0x4)
                0x0000000020000000                PROVIDE (_data_vma = .)

.dlalign        0x0000000000001bb4        0x0
                0x0000000000001bb4                . = ALIGN (0x4)
                0x0000000000001bb4                PROVIDE (_data_lma = .)

.data           0x0000000020000000       0x88 load address 0x0000000000001bb4
 *(.gnu.linkonce.r.*)
 *(.data .data.*)
 .data.APBAHBPrescTable
                0x0000000020000000       0x10 ./Peripheral/src/ch32v20x_rcc.o
 .data.impure_data
                0x0000000020000010       0x60 d:/newmounriver/mounriver/mounriver_studio/toolchain/risc-v embedded gcc/bin/../lib/gcc/riscv-none-embed/8.2.0/../../../../riscv-none-embed/lib/rv32imacxw/ilp32\libg_nano.a(lib_a-impure.o)
 *(.gnu.linkonce.d.*)
                0x0000000020000070                . = ALIGN (0x8)
                0x0000000020000870                PROVIDE (__global_pointer$ = (. + 0x800))
 *(.sdata .sdata.*)
 .sdata.SystemCoreClock
                0x0000000020000070        0x4 ./User/system_ch32v20x.o
                0x0000000020000070                SystemCoreClock
 .sdata.ADCPrescTable
                0x0000000020000074        0x4 ./Peripheral/src/ch32v20x_rcc.o
 .sdata.curbrk.4579
                0x0000000020000078        0x4 ./Debug/debug.o
 .sdata._impure_ptr
                0x000000002000007c        0x4 d:/newmounriver/mounriver/mounriver_studio/toolchain/risc-v embedded gcc/bin/../lib/gcc/riscv-none-embed/8.2.0/../../../../riscv-none-embed/lib/rv32imacxw/ilp32\libg_nano.a(lib_a-impure.o)
                0x000000002000007c                _impure_ptr
 *(.sdata2.*)
 .sdata2._global_impure_ptr
                0x0000000020000080        0x4 d:/newmounriver/mounriver/mounriver_studio/toolchain/risc-v embedded gcc/bin/../lib/gcc/riscv-none-embed/8.2.0/../../../../riscv-none-embed/lib/rv32imacxw/ilp32\libg_nano.a(lib_a-impure.o)
                0x0000000020000080                _global_impure_ptr
 *(.gnu.linkonce.s.*)
                0x0000000020000088                . = ALIGN (0x8)
 *fill*         0x0000000020000084        0x4 
 *(.srodata.cst16)
 *(.srodata.cst8)
 *(.srodata.cst4)
 *(.srodata.cst2)
 *(.srodata .srodata.*)
                0x0000000020000088                . = ALIGN (0x4)
                0x0000000020000088                PROVIDE (_edata = .)

.bss            0x0000000020000088       0xa8 load address 0x0000000000001c3c
                0x0000000020000088                . = ALIGN (0x4)
                0x0000000020000088                PROVIDE (_sbss = .)
 *(.sbss*)
 .sbss.MCU_Version
                0x0000000020000088        0x1 ./Peripheral/src/ch32v20x_gpio.o
                0x0000000020000088                MCU_Version
 *fill*         0x0000000020000089        0x3 
 .sbss.NVIC_Priority_Group
                0x000000002000008c        0x4 ./Peripheral/src/ch32v20x_misc.o
                0x000000002000008c                NVIC_Priority_Group
 .sbss.p_ms     0x0000000020000090        0x2 ./Debug/debug.o
 .sbss.p_us     0x0000000020000092        0x1 ./Debug/debug.o
 *fill*         0x0000000020000093        0x1 
 .sbss._global_atexit
                0x0000000020000094        0x4 d:/newmounriver/mounriver/mounriver_studio/toolchain/risc-v embedded gcc/bin/../lib/gcc/riscv-none-embed/8.2.0/../../../../riscv-none-embed/lib/rv32imacxw/ilp32\libg_nano.a(lib_a-__call_atexit.o)
                0x0000000020000094                _global_atexit
 .sbss.__malloc_free_list
                0x0000000020000098        0x4 d:/newmounriver/mounriver/mounriver_studio/toolchain/risc-v embedded gcc/bin/../lib/gcc/riscv-none-embed/8.2.0/../../../../riscv-none-embed/lib/rv32imacxw/ilp32\libg_nano.a(lib_a-nano-mallocr.o)
                0x0000000020000098                __malloc_free_list
 .sbss.__malloc_sbrk_start
                0x000000002000009c        0x4 d:/newmounriver/mounriver/mounriver_studio/toolchain/risc-v embedded gcc/bin/../lib/gcc/riscv-none-embed/8.2.0/../../../../riscv-none-embed/lib/rv32imacxw/ilp32\libg_nano.a(lib_a-nano-mallocr.o)
                0x000000002000009c                __malloc_sbrk_start
 *(.gnu.linkonce.sb.*)
 *(.bss*)
 .bss._global_atexit0
                0x00000000200000a0       0x8c d:/newmounriver/mounriver/mounriver_studio/toolchain/risc-v embedded gcc/bin/../lib/gcc/riscv-none-embed/8.2.0/../../../../riscv-none-embed/lib/rv32imacxw/ilp32\libg_nano.a(lib_a-__atexit.o)
 *(.gnu.linkonce.b.*)
 *(COMMON*)
 COMMON         0x000000002000012c        0x4 d:/newmounriver/mounriver/mounriver_studio/toolchain/risc-v embedded gcc/bin/../lib/gcc/riscv-none-embed/8.2.0/../../../../riscv-none-embed/lib/rv32imacxw/ilp32\libg_nano.a(lib_a-reent.o)
                0x000000002000012c                errno
                0x0000000020000130                . = ALIGN (0x4)
                0x0000000020000130                PROVIDE (_ebss = .)
                0x0000000020000130                PROVIDE (_end = _ebss)
                [!provide]                        PROVIDE (end = .)

.stack          0x0000000020004800      0x800
                0x0000000020004800                PROVIDE (_heap_end = .)
                0x0000000020004800                . = ALIGN (0x4)
                [!provide]                        PROVIDE (_susrstack = .)
                0x0000000020005000                . = (. + __stack_size)
 *fill*         0x0000000020004800      0x800 
                0x0000000020005000                PROVIDE (_eusrstack = .)
OUTPUT(CH32V203C8T6++.elf elf32-littleriscv)

.debug_info     0x0000000000000000     0x73ab
 .debug_info    0x0000000000000000      0x962 ./User/ch32v20x_it.o
 .debug_info    0x0000000000000962      0x9fe ./User/main.o
 .debug_info    0x0000000000001360      0xb89 ./User/system_ch32v20x.o
 .debug_info    0x0000000000001ee9       0x22 ./Startup/startup_ch32v20x_D6.o
 .debug_info    0x0000000000001f0b     0x10d9 ./Peripheral/src/ch32v20x_gpio.o
 .debug_info    0x0000000000002fe4      0xe7c ./Peripheral/src/ch32v20x_misc.o
 .debug_info    0x0000000000003e60     0x125c ./Peripheral/src/ch32v20x_rcc.o
 .debug_info    0x00000000000050bc     0x13b4 ./Peripheral/src/ch32v20x_usart.o
 .debug_info    0x0000000000006470      0xf3b ./Debug/debug.o

.debug_abbrev   0x0000000000000000     0x1672
 .debug_abbrev  0x0000000000000000      0x1cf ./User/ch32v20x_it.o
 .debug_abbrev  0x00000000000001cf      0x223 ./User/main.o
 .debug_abbrev  0x00000000000003f2      0x2c0 ./User/system_ch32v20x.o
 .debug_abbrev  0x00000000000006b2       0x12 ./Startup/startup_ch32v20x_D6.o
 .debug_abbrev  0x00000000000006c4      0x33a ./Peripheral/src/ch32v20x_gpio.o
 .debug_abbrev  0x00000000000009fe      0x2fb ./Peripheral/src/ch32v20x_misc.o
 .debug_abbrev  0x0000000000000cf9      0x351 ./Peripheral/src/ch32v20x_rcc.o
 .debug_abbrev  0x000000000000104a      0x312 ./Peripheral/src/ch32v20x_usart.o
 .debug_abbrev  0x000000000000135c      0x316 ./Debug/debug.o

.debug_aranges  0x0000000000000000      0x3e8
 .debug_aranges
                0x0000000000000000       0x28 ./User/ch32v20x_it.o
 .debug_aranges
                0x0000000000000028       0x20 ./User/main.o
 .debug_aranges
                0x0000000000000048       0x28 ./User/system_ch32v20x.o
 .debug_aranges
                0x0000000000000070       0x30 ./Startup/startup_ch32v20x_D6.o
 .debug_aranges
                0x00000000000000a0       0xa8 ./Peripheral/src/ch32v20x_gpio.o
 .debug_aranges
                0x0000000000000148       0x28 ./Peripheral/src/ch32v20x_misc.o
 .debug_aranges
                0x0000000000000170      0x128 ./Peripheral/src/ch32v20x_rcc.o
 .debug_aranges
                0x0000000000000298      0x100 ./Peripheral/src/ch32v20x_usart.o
 .debug_aranges
                0x0000000000000398       0x50 ./Debug/debug.o

.debug_ranges   0x0000000000000000      0x3b0
 .debug_ranges  0x0000000000000000       0x18 ./User/ch32v20x_it.o
 .debug_ranges  0x0000000000000018       0x10 ./User/main.o
 .debug_ranges  0x0000000000000028       0x38 ./User/system_ch32v20x.o
 .debug_ranges  0x0000000000000060       0x28 ./Startup/startup_ch32v20x_D6.o
 .debug_ranges  0x0000000000000088       0x98 ./Peripheral/src/ch32v20x_gpio.o
 .debug_ranges  0x0000000000000120       0x48 ./Peripheral/src/ch32v20x_misc.o
 .debug_ranges  0x0000000000000168      0x118 ./Peripheral/src/ch32v20x_rcc.o
 .debug_ranges  0x0000000000000280       0xf0 ./Peripheral/src/ch32v20x_usart.o
 .debug_ranges  0x0000000000000370       0x40 ./Debug/debug.o

.debug_line     0x0000000000000000     0x4c21
 .debug_line    0x0000000000000000      0x247 ./User/ch32v20x_it.o
 .debug_line    0x0000000000000247      0x36c ./User/main.o
 .debug_line    0x00000000000005b3      0x6b1 ./User/system_ch32v20x.o
 .debug_line    0x0000000000000c64      0x271 ./Startup/startup_ch32v20x_D6.o
 .debug_line    0x0000000000000ed5     0x102f ./Peripheral/src/ch32v20x_gpio.o
 .debug_line    0x0000000000001f04      0x4d5 ./Peripheral/src/ch32v20x_misc.o
 .debug_line    0x00000000000023d9     0x1173 ./Peripheral/src/ch32v20x_rcc.o
 .debug_line    0x000000000000354c      0xfab ./Peripheral/src/ch32v20x_usart.o
 .debug_line    0x00000000000044f7      0x72a ./Debug/debug.o

.debug_str      0x0000000000000000     0x1907
 .debug_str     0x0000000000000000      0x53b ./User/ch32v20x_it.o
                                        0x5a7 (size before relaxing)
 .debug_str     0x000000000000053b      0x155 ./User/main.o
                                        0x619 (size before relaxing)
 .debug_str     0x0000000000000690      0x120 ./User/system_ch32v20x.o
                                        0x6bd (size before relaxing)
 .debug_str     0x00000000000007b0       0x2d ./Startup/startup_ch32v20x_D6.o
                                         0x5a (size before relaxing)
 .debug_str     0x00000000000007dd      0x3d5 ./Peripheral/src/ch32v20x_gpio.o
                                        0x96e (size before relaxing)
 .debug_str     0x0000000000000bb2      0x4aa ./Peripheral/src/ch32v20x_misc.o
                                        0xa76 (size before relaxing)
 .debug_str     0x000000000000105c      0x3dc ./Peripheral/src/ch32v20x_rcc.o
                                        0xaad (size before relaxing)
 .debug_str     0x0000000000001438      0x428 ./Peripheral/src/ch32v20x_usart.o
                                        0xb08 (size before relaxing)
 .debug_str     0x0000000000001860       0xa7 ./Debug/debug.o
                                        0x8fc (size before relaxing)

.comment        0x0000000000000000       0x33
 .comment       0x0000000000000000       0x33 ./User/ch32v20x_it.o
                                         0x34 (size before relaxing)
 .comment       0x0000000000000033       0x34 ./User/main.o
 .comment       0x0000000000000033       0x34 ./User/system_ch32v20x.o
 .comment       0x0000000000000033       0x34 ./Peripheral/src/ch32v20x_gpio.o
 .comment       0x0000000000000033       0x34 ./Peripheral/src/ch32v20x_misc.o
 .comment       0x0000000000000033       0x34 ./Peripheral/src/ch32v20x_rcc.o
 .comment       0x0000000000000033       0x34 ./Peripheral/src/ch32v20x_usart.o
 .comment       0x0000000000000033       0x34 ./Debug/debug.o

.debug_frame    0x0000000000000000     0x1114
 .debug_frame   0x0000000000000000       0x30 ./User/ch32v20x_it.o
 .debug_frame   0x0000000000000030       0x3c ./User/system_ch32v20x.o
 .debug_frame   0x000000000000006c      0x148 ./Peripheral/src/ch32v20x_gpio.o
 .debug_frame   0x00000000000001b4       0x30 ./Peripheral/src/ch32v20x_misc.o
 .debug_frame   0x00000000000001e4      0x244 ./Peripheral/src/ch32v20x_rcc.o
 .debug_frame   0x0000000000000428      0x204 ./Peripheral/src/ch32v20x_usart.o
 .debug_frame   0x000000000000062c       0xbc ./Debug/debug.o
 .debug_frame   0x00000000000006e8       0x20 d:/newmounriver/mounriver/mounriver_studio/toolchain/risc-v embedded gcc/bin/../lib/gcc/riscv-none-embed/8.2.0/../../../../riscv-none-embed/lib/rv32imacxw/ilp32\libg_nano.a(lib_a-atexit.o)
 .debug_frame   0x0000000000000708       0x38 d:/newmounriver/mounriver/mounriver_studio/toolchain/risc-v embedded gcc/bin/../lib/gcc/riscv-none-embed/8.2.0/../../../../riscv-none-embed/lib/rv32imacxw/ilp32\libg_nano.a(lib_a-fini.o)
 .debug_frame   0x0000000000000740       0x3c d:/newmounriver/mounriver/mounriver_studio/toolchain/risc-v embedded gcc/bin/../lib/gcc/riscv-none-embed/8.2.0/../../../../riscv-none-embed/lib/rv32imacxw/ilp32\libg_nano.a(lib_a-init.o)
 .debug_frame   0x000000000000077c       0x54 d:/newmounriver/mounriver/mounriver_studio/toolchain/risc-v embedded gcc/bin/../lib/gcc/riscv-none-embed/8.2.0/../../../../riscv-none-embed/lib/rv32imacxw/ilp32\libg_nano.a(lib_a-printf.o)
 .debug_frame   0x00000000000007d0       0x54 d:/newmounriver/mounriver/mounriver_studio/toolchain/risc-v embedded gcc/bin/../lib/gcc/riscv-none-embed/8.2.0/../../../../riscv-none-embed/lib/rv32imacxw/ilp32\libg_nano.a(lib_a-puts.o)
 .debug_frame   0x0000000000000824       0x50 d:/newmounriver/mounriver/mounriver_studio/toolchain/risc-v embedded gcc/bin/../lib/gcc/riscv-none-embed/8.2.0/../../../../riscv-none-embed/lib/rv32imacxw/ilp32\libg_nano.a(lib_a-wbuf.o)
 .debug_frame   0x0000000000000874       0x3c d:/newmounriver/mounriver/mounriver_studio/toolchain/risc-v embedded gcc/bin/../lib/gcc/riscv-none-embed/8.2.0/../../../../riscv-none-embed/lib/rv32imacxw/ilp32\libg_nano.a(lib_a-wsetup.o)
 .debug_frame   0x00000000000008b0       0x20 d:/newmounriver/mounriver/mounriver_studio/toolchain/risc-v embedded gcc/bin/../lib/gcc/riscv-none-embed/8.2.0/../../../../riscv-none-embed/lib/rv32imacxw/ilp32\libg_nano.a(lib_a-__atexit.o)
 .debug_frame   0x00000000000008d0       0x64 d:/newmounriver/mounriver/mounriver_studio/toolchain/risc-v embedded gcc/bin/../lib/gcc/riscv-none-embed/8.2.0/../../../../riscv-none-embed/lib/rv32imacxw/ilp32\libg_nano.a(lib_a-__call_atexit.o)
 .debug_frame   0x0000000000000934       0x7c d:/newmounriver/mounriver/mounriver_studio/toolchain/risc-v embedded gcc/bin/../lib/gcc/riscv-none-embed/8.2.0/../../../../riscv-none-embed/lib/rv32imacxw/ilp32\libg_nano.a(lib_a-fflush.o)
 .debug_frame   0x00000000000009b0      0x148 d:/newmounriver/mounriver/mounriver_studio/toolchain/risc-v embedded gcc/bin/../lib/gcc/riscv-none-embed/8.2.0/../../../../riscv-none-embed/lib/rv32imacxw/ilp32\libg_nano.a(lib_a-findfp.o)
 .debug_frame   0x0000000000000af8       0x88 d:/newmounriver/mounriver/mounriver_studio/toolchain/risc-v embedded gcc/bin/../lib/gcc/riscv-none-embed/8.2.0/../../../../riscv-none-embed/lib/rv32imacxw/ilp32\libg_nano.a(lib_a-fwalk.o)
 .debug_frame   0x0000000000000b80       0x64 d:/newmounriver/mounriver/mounriver_studio/toolchain/risc-v embedded gcc/bin/../lib/gcc/riscv-none-embed/8.2.0/../../../../riscv-none-embed/lib/rv32imacxw/ilp32\libg_nano.a(lib_a-makebuf.o)
 .debug_frame   0x0000000000000be4       0x40 d:/newmounriver/mounriver/mounriver_studio/toolchain/risc-v embedded gcc/bin/../lib/gcc/riscv-none-embed/8.2.0/../../../../riscv-none-embed/lib/rv32imacxw/ilp32\libg_nano.a(lib_a-nano-freer.o)
 .debug_frame   0x0000000000000c24       0x40 d:/newmounriver/mounriver/mounriver_studio/toolchain/risc-v embedded gcc/bin/../lib/gcc/riscv-none-embed/8.2.0/../../../../riscv-none-embed/lib/rv32imacxw/ilp32\libg_nano.a(lib_a-nano-mallocr.o)
 .debug_frame   0x0000000000000c64       0xd0 d:/newmounriver/mounriver/mounriver_studio/toolchain/risc-v embedded gcc/bin/../lib/gcc/riscv-none-embed/8.2.0/../../../../riscv-none-embed/lib/rv32imacxw/ilp32\libg_nano.a(lib_a-nano-vfprintf.o)
 .debug_frame   0x0000000000000d34       0x8c d:/newmounriver/mounriver/mounriver_studio/toolchain/risc-v embedded gcc/bin/../lib/gcc/riscv-none-embed/8.2.0/../../../../riscv-none-embed/lib/rv32imacxw/ilp32\libg_nano.a(lib_a-nano-vfprintf_i.o)
 .debug_frame   0x0000000000000dc0       0x30 d:/newmounriver/mounriver/mounriver_studio/toolchain/risc-v embedded gcc/bin/../lib/gcc/riscv-none-embed/8.2.0/../../../../riscv-none-embed/lib/rv32imacxw/ilp32\libg_nano.a(lib_a-sbrkr.o)
 .debug_frame   0x0000000000000df0       0xa4 d:/newmounriver/mounriver/mounriver_studio/toolchain/risc-v embedded gcc/bin/../lib/gcc/riscv-none-embed/8.2.0/../../../../riscv-none-embed/lib/rv32imacxw/ilp32\libg_nano.a(lib_a-stdio.o)
 .debug_frame   0x0000000000000e94       0x30 d:/newmounriver/mounriver/mounriver_studio/toolchain/risc-v embedded gcc/bin/../lib/gcc/riscv-none-embed/8.2.0/../../../../riscv-none-embed/lib/rv32imacxw/ilp32\libg_nano.a(lib_a-writer.o)
 .debug_frame   0x0000000000000ec4       0x30 d:/newmounriver/mounriver/mounriver_studio/toolchain/risc-v embedded gcc/bin/../lib/gcc/riscv-none-embed/8.2.0/../../../../riscv-none-embed/lib/rv32imacxw/ilp32\libg_nano.a(lib_a-closer.o)
 .debug_frame   0x0000000000000ef4       0x30 d:/newmounriver/mounriver/mounriver_studio/toolchain/risc-v embedded gcc/bin/../lib/gcc/riscv-none-embed/8.2.0/../../../../riscv-none-embed/lib/rv32imacxw/ilp32\libg_nano.a(lib_a-fstatr.o)
 .debug_frame   0x0000000000000f24       0x30 d:/newmounriver/mounriver/mounriver_studio/toolchain/risc-v embedded gcc/bin/../lib/gcc/riscv-none-embed/8.2.0/../../../../riscv-none-embed/lib/rv32imacxw/ilp32\libg_nano.a(lib_a-isattyr.o)
 .debug_frame   0x0000000000000f54       0x30 d:/newmounriver/mounriver/mounriver_studio/toolchain/risc-v embedded gcc/bin/../lib/gcc/riscv-none-embed/8.2.0/../../../../riscv-none-embed/lib/rv32imacxw/ilp32\libg_nano.a(lib_a-lseekr.o)
 .debug_frame   0x0000000000000f84       0x20 d:/newmounriver/mounriver/mounriver_studio/toolchain/risc-v embedded gcc/bin/../lib/gcc/riscv-none-embed/8.2.0/../../../../riscv-none-embed/lib/rv32imacxw/ilp32\libg_nano.a(lib_a-memchr.o)
 .debug_frame   0x0000000000000fa4       0x30 d:/newmounriver/mounriver/mounriver_studio/toolchain/risc-v embedded gcc/bin/../lib/gcc/riscv-none-embed/8.2.0/../../../../riscv-none-embed/lib/rv32imacxw/ilp32\libg_nano.a(lib_a-mlock.o)
 .debug_frame   0x0000000000000fd4       0x30 d:/newmounriver/mounriver/mounriver_studio/toolchain/risc-v embedded gcc/bin/../lib/gcc/riscv-none-embed/8.2.0/../../../../riscv-none-embed/lib/rv32imacxw/ilp32\libg_nano.a(lib_a-readr.o)
 .debug_frame   0x0000000000001004       0x70 d:/newmounriver/mounriver/mounriver_studio/toolchain/risc-v embedded gcc/bin/../lib/gcc/riscv-none-embed/8.2.0/../../../../riscv-none-embed/lib/rv32imacxw/ilp32\libg_nano.a(lib_a-reent.o)
 .debug_frame   0x0000000000001074       0x20 d:/newmounriver/mounriver/mounriver_studio/toolchain/risc-v embedded gcc/bin/../lib/gcc/riscv-none-embed/8.2.0/../../../../riscv-none-embed/lib/rv32imacxw/ilp32\libnosys.a(close.o)
 .debug_frame   0x0000000000001094       0x20 d:/newmounriver/mounriver/mounriver_studio/toolchain/risc-v embedded gcc/bin/../lib/gcc/riscv-none-embed/8.2.0/../../../../riscv-none-embed/lib/rv32imacxw/ilp32\libnosys.a(fstat.o)
 .debug_frame   0x00000000000010b4       0x20 d:/newmounriver/mounriver/mounriver_studio/toolchain/risc-v embedded gcc/bin/../lib/gcc/riscv-none-embed/8.2.0/../../../../riscv-none-embed/lib/rv32imacxw/ilp32\libnosys.a(isatty.o)
 .debug_frame   0x00000000000010d4       0x20 d:/newmounriver/mounriver/mounriver_studio/toolchain/risc-v embedded gcc/bin/../lib/gcc/riscv-none-embed/8.2.0/../../../../riscv-none-embed/lib/rv32imacxw/ilp32\libnosys.a(lseek.o)
 .debug_frame   0x00000000000010f4       0x20 d:/newmounriver/mounriver/mounriver_studio/toolchain/risc-v embedded gcc/bin/../lib/gcc/riscv-none-embed/8.2.0/../../../../riscv-none-embed/lib/rv32imacxw/ilp32\libnosys.a(read.o)

.debug_loc      0x0000000000000000     0x19e4
 .debug_loc     0x0000000000000000       0xac ./User/system_ch32v20x.o
 .debug_loc     0x00000000000000ac      0x805 ./Peripheral/src/ch32v20x_gpio.o
 .debug_loc     0x00000000000008b1       0xce ./Peripheral/src/ch32v20x_misc.o
 .debug_loc     0x000000000000097f      0x797 ./Peripheral/src/ch32v20x_rcc.o
 .debug_loc     0x0000000000001116      0x757 ./Peripheral/src/ch32v20x_usart.o
 .debug_loc     0x000000000000186d      0x177 ./Debug/debug.o

.stab           0x0000000000000000       0x84
 .stab          0x0000000000000000       0x24 d:/newmounriver/mounriver/mounriver_studio/toolchain/risc-v embedded gcc/bin/../lib/gcc/riscv-none-embed/8.2.0/../../../../riscv-none-embed/lib/rv32imacxw/ilp32\libnosys.a(close.o)
 .stab          0x0000000000000024       0x18 d:/newmounriver/mounriver/mounriver_studio/toolchain/risc-v embedded gcc/bin/../lib/gcc/riscv-none-embed/8.2.0/../../../../riscv-none-embed/lib/rv32imacxw/ilp32\libnosys.a(fstat.o)
                                         0x24 (size before relaxing)
 .stab          0x000000000000003c       0x18 d:/newmounriver/mounriver/mounriver_studio/toolchain/risc-v embedded gcc/bin/../lib/gcc/riscv-none-embed/8.2.0/../../../../riscv-none-embed/lib/rv32imacxw/ilp32\libnosys.a(isatty.o)
                                         0x24 (size before relaxing)
 .stab          0x0000000000000054       0x18 d:/newmounriver/mounriver/mounriver_studio/toolchain/risc-v embedded gcc/bin/../lib/gcc/riscv-none-embed/8.2.0/../../../../riscv-none-embed/lib/rv32imacxw/ilp32\libnosys.a(lseek.o)
                                         0x24 (size before relaxing)
 .stab          0x000000000000006c       0x18 d:/newmounriver/mounriver/mounriver_studio/toolchain/risc-v embedded gcc/bin/../lib/gcc/riscv-none-embed/8.2.0/../../../../riscv-none-embed/lib/rv32imacxw/ilp32\libnosys.a(read.o)
                                         0x24 (size before relaxing)

.stabstr        0x0000000000000000      0x117
 .stabstr       0x0000000000000000      0x117 d:/newmounriver/mounriver/mounriver_studio/toolchain/risc-v embedded gcc/bin/../lib/gcc/riscv-none-embed/8.2.0/../../../../riscv-none-embed/lib/rv32imacxw/ilp32\libnosys.a(close.o)
